io.github.finoid.maven.plugins.codequality.log.ErrorProneViolationLogParserUnitTest.givenValidLogFile_whenParse_thenExpectedViolations=[
  [
    {
      "columnNumber" : 22,
      "description" : "passing @Nullable parameter 'null' where @NonNull is required\n    (see http://t.uber.com/nullaway )",
      "fingerprint" : "7718e499e24d5e8fe5871a833cb92bdea2e79780f4e43045d1004f30b4fdc380",
      "fullPath" : "***MASKED***",
      "line" : 11,
      "relativePath" : "project/src/main/java/Main.java",
      "rule" : "NullAway",
      "severity" : "MINOR",
      "tool" : "ErrorProne"
    },
    {
      "columnNumber" : 20,
      "description" : "hello implements method in A; expected @Override\n    (see https://errorprone.info/bugpattern/MissingOverride)\n  Did you mean '@Override public void hello(String name) {'?",
      "fingerprint" : "addd281632eea9e2aadb9dcf362f047586885d4ac3461ca7349b550357832293",
      "fullPath" : "***MASKED***",
      "line" : 19,
      "relativePath" : "project/src/main/java/Main.java",
      "rule" : "MissingOverride",
      "severity" : "MINOR",
      "tool" : "ErrorProne"
    },
    {
      "columnNumber" : 25,
      "description" : "Reference equality used to compare arrays\n    (see https://errorprone.info/bugpattern/ArrayEquals)\n  Did you mean 'Arrays.equals(array1, array2);'?",
      "fingerprint" : "f361d99208ad10edf3f13826ee3b652eb7fce43697410551339c5f04780fd3de",
      "fullPath" : "***MASKED***",
      "line" : 26,
      "relativePath" : "project/src/main/java/Main.java",
      "rule" : "ArrayEquals",
      "severity" : "MINOR",
      "tool" : "ErrorProne"
    },
    {
      "columnNumber" : 25,
      "description" : "Return value of 'equals' must be used\n    (see https://errorprone.info/bugpattern/ReturnValueIgnored)\n  Did you mean 'verify(array1.equals(array2));' or 'var unused = array1.equals(array2);' or to remove this line?",
      "fingerprint" : "161c3e887cf240aa0850bd81fef8d578a64f359bbc16cf215aa715ec46760dc5",
      "fullPath" : "***MASKED***",
      "line" : 26,
      "relativePath" : "project/src/main/java/Main.java",
      "rule" : "ReturnValueIgnored",
      "severity" : "MINOR",
      "tool" : "ErrorProne"
    }
  ]
]