io.github.finoid.maven.plugins.codequality.step.StepResultsUnitTest.givenNonPermissiveViolation_whenGetNonPermissiveViolations_thenReturnsExpectedViolation=[
  [
    {
      "columnNumber" : 72,
      "description" : "Description y8KUzpAd74",
      "fingerprint" : "D1JQOL12N8Aid9TY",
      "fullPath" : "/path/to/file/yODP9n82.java",
      "line" : 17,
      "relativePath" : "/file/XTxEY88d.java",
      "rule" : "70aSDmZ6mk",
      "severity" : "BLOCKER",
      "tool" : "ErrorProne"
    }
  ]
]