io.github.finoid.maven.plugins.codequality.report.CheckerFrameworkViolationLogParserUnitTest.givenValidLogFile_whenParse_thenExpectedViolations=[
  [
    {
      "columnNumber" : 29,
      "description" : "@MustCall method close may not have been invoked on SpringApplication.run(AmlApplication.class, args) or any of its aliases.\n  The type of object is: org.springframework.context.ConfigurableApplicationContext.\n  Reason for going out of scope: regular method exit",
      "fingerprint" : "c869ecc1092f0a4e5e3cf2a1ebd4170a0b981a1d72bb2e6487f1cc26a174c452",
      "fullPath" : "***MASKED***",
      "line" : 10,
      "relativePath" : "src/main/java/io/github/finoid/aml/AmlApplication.java",
      "rule" : "required.method.not.called",
      "severity" : "MINOR",
      "tool" : "CheckerFramework"
    },
    {
      "columnNumber" : 100,
      "description" : "EVERYTHING in DefaultTyping has been deprecated",
      "fingerprint" : "f80ac70144bfa9e5ef1064e25b8cd641b28c29fc32400d33e893091453eaaf8a",
      "fullPath" : "***MASKED***",
      "line" : 67,
      "relativePath" : "src/main/java/io/github/finoid/aml/config/CacheConfiguration.java",
      "rule" : "deprecation",
      "severity" : "MINOR",
      "tool" : "CheckerFramework"
    },
    {
      "columnNumber" : 25,
      "description" : "@MustCall method close may not have been invoked on targetStream or any of its aliases.\n  The type of object is: java.io.InputStream.\n  Reason for going out of scope: regular method exit",
      "fingerprint" : "bbf1ae34a0ca56f797ed26d8a5ed145260f4be3469d29c07cfde10c13e71cae7",
      "fullPath" : "***MASKED***",
      "line" : 70,
      "relativePath" : "src/main/java/io/github/finoid/aml/service/DeletionSignalService.java",
      "rule" : "required.method.not.called",
      "severity" : "MINOR",
      "tool" : "CheckerFramework"
    },
    {
      "columnNumber" : 28,
      "description" : "@MustCall method close may not have been invoked on inputStream or any of its aliases.\n  The type of object is: java.io.InputStream.\n  Reason for going out of scope: regular method exit",
      "fingerprint" : "8c2bbc9cf9139cc7c562e53788799019b41256f63b5f2efe07bcc4993a05198e",
      "fullPath" : "***MASKED***",
      "line" : 104,
      "relativePath" : "src/main/java/io/github/finoid/aml/clients/ftp/SFTPClient.java",
      "rule" : "required.method.not.called",
      "severity" : "MINOR",
      "tool" : "CheckerFramework"
    },
    {
      "columnNumber" : 34,
      "description" : "@MustCall method close may not have been invoked on client or any of its aliases.\n  The type of object is: org.apache.hc.client5.http.impl.classic.CloseableHttpClient.\n  Reason for going out of scope: regular method exit",
      "fingerprint" : "3951cde8f29e848908377d89397a8dc821533ceb3eaf9e34a01fa7d84dee3786",
      "fullPath" : "***MASKED***",
      "line" : 33,
      "relativePath" : "src/main/java/io/github/finoid/aml/config/GetRelationsConfiguration.java",
      "rule" : "required.method.not.called",
      "severity" : "MINOR",
      "tool" : "CheckerFramework"
    },
    {
      "columnNumber" : 34,
      "description" : "@MustCall method close may not have been invoked on client or any of its aliases.\n  The type of object is: org.apache.hc.client5.http.impl.classic.CloseableHttpClient.\n  Reason for going out of scope: regular method exit",
      "fingerprint" : "5de837298de2eae4a9422503b0f5b7f4f478257c75438ff52bee7e73e059a6cc",
      "fullPath" : "***MASKED***",
      "line" : 33,
      "relativePath" : "src/main/java/io/github/finoid/aml/config/PartRepresentativesConfiguration.java",
      "rule" : "required.method.not.called",
      "severity" : "MINOR",
      "tool" : "CheckerFramework"
    },
    {
      "columnNumber" : 34,
      "description" : "@MustCall method close may not have been invoked on client or any of its aliases.\n  The type of object is: org.apache.hc.client5.http.impl.classic.CloseableHttpClient.\n  Reason for going out of scope: regular method exit",
      "fingerprint" : "158f7caf27c3514ae5713ad30fa52cbc07120e312bae1ef247b969ea7be61a99",
      "fullPath" : "***MASKED***",
      "line" : 33,
      "relativePath" : "src/main/java/io/github/finoid/aml/config/RiskClassConfiguration.java",
      "rule" : "required.method.not.called",
      "severity" : "MINOR",
      "tool" : "CheckerFramework"
    },
    {
      "columnNumber" : 25,
      "description" : "auto-closeable resource scope is never referenced in body of corresponding try statement",
      "fingerprint" : "746b3f2abe549c97eb481c68092696c7ca1f74412bb24c4480be00e285b3df6a",
      "fullPath" : "***MASKED***",
      "line" : 55,
      "relativePath" : "src/main/java/io/github/finoid/aml/utils/APMUtils.java",
      "rule" : "try",
      "severity" : "MINOR",
      "tool" : "CheckerFramework"
    },
    {
      "columnNumber" : 21,
      "description" : "Could not infer type arguments for Arrays.stream\n  unsatisfiable constraint: @MustCall(\"close\") Closeable <: @MustCall Object",
      "fingerprint" : "6ccd7bb014ad2a9d4f42a29042dbcc6832739e9552e004e27b16607a32f8dc04",
      "fullPath" : "***MASKED***",
      "line" : 43,
      "relativePath" : "src/main/java/io/github/finoid/aml/utils/IOUtils.java",
      "rule" : "type.arguments.not.inferred",
      "severity" : "MINOR",
      "tool" : "CheckerFramework"
    }
  ]
]